1 7 4 8 2 5 3 6
6 1 5 3 7 4 2 8
7 2 3 1 4 6 8 5
8 5 2 4 6 3 7 1
3 6 7 5 8 2 1 4
4 3 6 7 1 8 5 2
2 8 1 6 5 7 4 3
5 4 8 2 3 1 6 7
