1 7 5 2 6 4 3 8
6 2 7 1 4 5 8 3
4 6 3 5 2 8 7 1
8 1 6 4 7 3 5 2
2 3 4 7 8 6 1 5
7 4 8 3 5 1 2 6
3 5 2 8 1 7 6 4
5 8 1 6 3 2 4 7
