5 3 2 4 8 1 6 7
7 4 8 2 3 5 1 6
3 1 5 7 6 8 2 4
2 6 7 1 5 3 4 8
1 5 6 8 4 7 3 2
4 8 3 6 1 2 7 5
8 7 4 3 2 6 5 1
6 2 1 5 7 4 8 3
