2 4 1 7 6 8 5 3
4 7 3 5 2 6 8 1
1 5 2 4 7 3 6 8
7 8 6 3 4 2 1 5
3 1 4 8 5 7 2 6
5 6 8 1 3 4 7 2
6 3 5 2 8 1 4 7
8 2 7 6 1 5 3 4
