8 5 2 6 7 1 4 3
7 1 6 8 3 2 5 4
4 7 5 1 8 3 6 2
2 8 3 4 5 7 1 6
3 4 1 5 2 6 7 8
5 3 8 7 6 4 2 1
6 2 4 3 1 5 8 7
1 6 7 2 4 8 3 5
