7 6 4 3 1 8 5 2
1 2 7 8 3 5 6 4
3 8 5 7 4 2 1 6
5 4 2 6 7 1 8 3
4 7 6 1 8 3 2 5
2 5 8 4 6 7 3 1
8 1 3 2 5 6 4 7
6 3 1 5 2 4 7 8
