6 1 5 3 8 2 4 7
7 4 6 2 3 8 5 1
5 7 4 6 1 3 8 2
4 2 8 1 5 6 7 3
8 3 7 4 2 5 1 6
1 8 3 7 6 4 2 5
2 6 1 5 4 7 3 8
3 5 2 8 7 1 6 4
