6 1 7 3 8 4 2 5
7 2 8 1 3 6 5 4
5 6 4 7 1 3 8 2
1 8 5 4 6 2 3 7
4 5 6 8 2 1 7 3
3 7 2 6 4 5 1 8
2 4 3 5 7 8 6 1
8 3 1 2 5 7 4 6
