3 4 8 2 7 1 5 6
5 6 7 4 1 8 2 3
1 8 6 7 5 2 3 4
7 1 3 5 4 6 8 2
8 7 2 1 6 3 4 5
2 5 1 3 8 4 6 7
4 3 5 6 2 7 1 8
6 2 4 8 3 5 7 1
