2 5 6 4 1 8 7 3
5 2 3 8 7 6 1 4
6 1 5 3 8 4 2 7
7 4 2 5 3 1 8 6
4 3 7 1 2 5 6 8
1 8 4 7 6 3 5 2
8 7 1 6 4 2 3 5
3 6 8 2 5 7 4 1
