8 4 2 5 7 1 6 3
5 7 3 8 2 6 1 4
1 5 8 3 4 2 7 6
6 3 7 4 8 5 2 1
4 2 1 6 3 7 5 8
2 8 6 7 1 3 4 5
7 6 4 1 5 8 3 2
3 1 5 2 6 4 8 7
