2 5 6 4 3 1 7 8
4 3 2 8 7 5 1 6
7 4 8 5 2 6 3 1
1 2 7 6 5 3 8 4
6 1 3 7 4 8 2 5
5 6 1 2 8 7 4 3
8 7 5 3 1 4 6 2
3 8 4 1 6 2 5 7
