3 4 5 8 7 2 6 1
4 5 3 2 8 1 7 6
8 2 1 3 5 6 4 7
2 7 4 6 3 8 1 5
7 8 2 1 6 4 5 3
6 3 8 7 1 5 2 4
5 1 6 4 2 7 3 8
1 6 7 5 4 3 8 2
