3 8 7 1 5 2 6 4
6 2 3 5 1 8 4 7
8 4 5 2 3 6 7 1
2 6 4 8 7 1 3 5
4 1 8 3 6 7 5 2
7 3 1 6 4 5 2 8
1 5 6 7 2 4 8 3
5 7 2 4 8 3 1 6
