3 2 1 7 5 4 6
1 6 2 5 7 3 4
2 5 4 1 3 6 7
4 7 3 6 2 1 5
7 1 6 3 4 5 2
5 3 7 4 6 2 1
6 4 5 2 1 7 3
