3 4 2 1 7 6 5
6 5 3 2 1 4 7
7 6 4 5 3 2 1
1 2 7 3 4 5 6
2 1 5 7 6 3 4
4 3 1 6 5 7 2
5 7 6 4 2 1 3
