2 7 6 4 5 1 3
7 1 5 6 2 3 4
4 6 3 7 1 2 5
6 5 7 2 3 4 1
3 2 4 1 6 5 7
5 4 1 3 7 6 2
1 3 2 5 4 7 6
