3 4 2 6 1 7 5
5 6 3 2 4 1 7
1 3 6 4 7 5 2
6 1 7 3 5 2 4
7 5 4 1 2 6 3
4 2 5 7 6 3 1
2 7 1 5 3 4 6
