2 3 1 4 7 5 6
1 6 7 5 3 2 4
7 1 6 2 5 4 3
3 5 4 1 6 7 2
4 2 3 7 1 6 5
6 4 5 3 2 1 7
5 7 2 6 4 3 1
