1 6 4 5 2 7 3
4 3 6 2 5 1 7
6 1 3 4 7 2 5
7 4 5 6 1 3 2
2 7 1 3 4 5 6
3 5 2 7 6 4 1
5 2 7 1 3 6 4
