7 5 2 6 4 3 1
5 1 6 4 3 2 7
4 7 5 2 6 1 3
6 2 1 3 5 7 4
2 4 3 7 1 5 6
1 3 4 5 7 6 2
3 6 7 1 2 4 5
