2 7 6 1 4 5 3
1 3 2 4 7 6 5
3 5 7 6 1 4 2
5 4 1 7 2 3 6
7 6 5 2 3 1 4
4 2 3 5 6 7 1
6 1 4 3 5 2 7
