2 1 3 4 6 7 5
4 7 5 1 2 3 6
6 5 7 3 1 4 2
3 2 1 7 5 6 4
5 6 4 2 3 1 7
1 4 2 6 7 5 3
7 3 6 5 4 2 1
