1 7 2 3 4 6 5
2 6 3 7 5 4 1
4 1 6 5 3 7 2
6 3 5 2 7 1 4
7 5 1 4 6 2 3
5 4 7 1 2 3 6
3 2 4 6 1 5 7
