5 7 3 4 2 1 6
4 1 6 3 7 2 5
7 3 1 2 6 5 4
1 4 7 6 5 3 2
3 2 4 5 1 6 7
6 5 2 7 3 4 1
2 6 5 1 4 7 3
