7 4 1 2 6 5 3
4 3 5 1 2 7 6
3 6 4 7 1 2 5
5 1 7 6 4 3 2
2 7 3 4 5 6 1
1 2 6 5 3 4 7
6 5 2 3 7 1 4
