5 6 4 1 2 3 7
6 4 1 7 5 2 3
4 3 5 6 1 7 2
3 1 7 2 6 5 4
2 7 6 4 3 1 5
7 5 2 3 4 6 1
1 2 3 5 7 4 6
