7 3 4 2 1 5 6
6 5 2 3 7 4 1
1 6 7 4 2 3 5
2 7 1 5 4 6 3
5 1 3 7 6 2 4
4 2 5 6 3 1 7
3 4 6 1 5 7 2
