7 6 2 4 3 5 1
1 3 6 5 7 2 4
3 4 1 2 5 6 7
6 1 5 3 4 7 2
5 2 4 7 1 3 6
4 5 7 6 2 1 3
2 7 3 1 6 4 5
