5 4 2 7 1 6 3
1 7 5 2 3 4 6
3 1 7 4 6 5 2
2 6 3 1 5 7 4
6 5 4 3 2 1 7
7 3 6 5 4 2 1
4 2 1 6 7 3 5
