2 1 5 4 3 6 7
3 7 4 5 2 1 6
4 2 7 3 6 5 1
7 5 2 6 1 4 3
6 4 3 1 5 7 2
5 6 1 2 7 3 4
1 3 6 7 4 2 5
