8 1 5 6 2 4 7 3 9
7 5 1 8 6 9 3 2 4
3 6 8 9 7 2 5 4 1
1 3 2 5 8 7 4 9 6
2 9 3 1 4 6 8 5 7
6 2 7 4 1 5 9 8 3
5 8 4 7 9 3 6 1 2
4 7 9 3 5 1 2 6 8
9 4 6 2 3 8 1 7 5
