5 9 2 7 3 4 1 6 8
6 1 7 4 5 2 9 8 3
4 6 9 8 2 5 3 1 7
3 7 6 5 8 1 2 4 9
2 8 3 6 4 9 7 5 1
1 2 5 3 7 8 4 9 6
9 5 1 2 6 7 8 3 4
7 4 8 1 9 3 6 2 5
8 3 4 9 1 6 5 7 2
