7 1 6 5 8 3 4 9 2
5 9 2 4 3 7 6 8 1
2 5 4 9 7 1 3 6 8
3 2 1 8 9 6 7 5 4
6 3 7 2 4 8 5 1 9
4 7 9 6 1 2 8 3 5
1 4 8 7 6 5 9 2 3
9 8 3 1 5 4 2 7 6
8 6 5 3 2 9 1 4 7
