1 9 7 6 2 8 5 3 4
2 5 6 7 9 1 4 8 3
7 1 2 9 6 3 8 4 5
4 8 3 5 7 9 2 6 1
9 4 8 1 3 5 6 7 2
5 3 9 4 1 6 7 2 8
3 7 4 8 5 2 9 1 6
8 6 1 2 4 7 3 5 9
6 2 5 3 8 4 1 9 7
