5 9 2 3 6 1 7 4 8
6 3 1 4 7 5 9 8 2
8 2 4 6 3 9 1 7 5
7 6 5 1 4 8 2 3 9
9 4 3 7 1 2 8 5 6
2 8 6 5 9 3 4 1 7
4 5 9 2 8 7 3 6 1
1 7 8 9 5 4 6 2 3
3 1 7 8 2 6 5 9 4
