4 9 5 8 2 3 1 6 7
3 2 7 1 6 9 4 5 8
9 6 2 7 4 5 3 8 1
6 5 8 9 7 4 2 1 3
7 4 3 2 5 1 8 9 6
8 1 4 6 9 2 7 3 5
1 8 9 4 3 6 5 7 2
5 7 6 3 1 8 9 2 4
2 3 1 5 8 7 6 4 9
