1 4 7 2 3 8 5 9 6
2 6 1 9 7 4 3 5 8
6 5 3 1 8 7 2 4 9
3 9 4 6 1 5 7 8 2
9 7 6 5 4 1 8 2 3
4 3 2 8 5 9 6 1 7
7 1 8 3 9 2 4 6 5
8 2 5 4 6 3 9 7 1
5 8 9 7 2 6 1 3 4
