7 5 2 1 6 4 9 3 8
3 7 8 9 1 2 6 5 4
5 6 7 4 2 8 1 9 3
9 3 4 7 8 1 5 2 6
6 9 5 8 7 3 4 1 2
4 1 9 2 3 5 8 6 7
8 4 1 3 5 6 2 7 9
2 8 6 5 9 7 3 4 1
1 2 3 6 4 9 7 8 5
