8 7 4 5 3 6 1 2 9
7 4 6 2 8 1 3 9 5
4 9 5 3 1 8 2 7 6
1 3 8 7 5 9 6 4 2
2 1 3 6 9 5 7 8 4
5 6 7 1 4 2 9 3 8
9 8 1 4 2 3 5 6 7
6 5 2 9 7 4 8 1 3
3 2 9 8 6 7 4 5 1
