1 6 8 4 3 5 9 2 7
2 5 6 8 7 1 4 3 9
8 7 5 1 4 2 6 9 3
6 2 1 9 5 3 8 7 4
5 8 7 6 1 9 3 4 2
9 4 3 5 2 8 7 1 6
3 9 2 7 8 4 5 6 1
7 3 4 2 9 6 1 8 5
4 1 9 3 6 7 2 5 8
