2 8 6 7 1 4 9 3 5
7 9 2 8 3 5 4 1 6
3 5 9 4 6 7 1 8 2
4 6 8 5 9 2 3 7 1
6 3 5 9 2 1 8 4 7
5 2 1 3 4 9 7 6 8
9 7 3 1 5 8 6 2 4
1 4 7 2 8 6 5 9 3
8 1 4 6 7 3 2 5 9
