3 5 1 2 4
2 3 5 4 1
1 2 4 5 3
5 4 3 1 2
4 1 2 3 5
