5 1 4 2 3
1 3 5 4 2
4 5 2 3 1
3 2 1 5 4
2 4 3 1 5
