5 2 1 3 4
4 1 3 5 2
1 5 4 2 3
2 3 5 4 1
3 4 2 1 5
