6 2 4 3 1 5
3 1 2 6 5 4
5 4 6 2 3 1
2 3 5 1 4 6
1 5 3 4 6 2
4 6 1 5 2 3
