6 2 5 3 1 4
4 1 2 6 5 3
3 6 4 1 2 5
2 3 1 5 4 6
1 5 6 4 3 2
5 4 3 2 6 1
