5 4 2 6 1 3
4 3 1 2 5 6
3 2 4 5 6 1
1 6 5 3 4 2
2 1 6 4 3 5
6 5 3 1 2 4
