6 2 1 4 5 3
5 6 4 2 3 1
2 5 3 1 6 4
4 3 2 5 1 6
3 1 5 6 4 2
1 4 6 3 2 5
