6 4 3 1 2 5
4 1 5 6 3 2
3 6 2 5 4 1
1 3 6 2 5 4
2 5 4 3 1 6
5 2 1 4 6 3
